#-----------------------------------------------------------
# Vivado v2018.3 (64-bit)
# SW Build 2405991 on Thu Dec  6 23:38:27 MST 2018
# IP Build 2404404 on Fri Dec  7 01:43:56 MST 2018
# Start of session at: Tue May 21 09:47:59 2019
# Process ID: 10092
# Current directory: D:/UT an3 sem2/SSC/AMD_processor
# Command line: vivado.exe -gui_launcher_event rodinguilauncherevent4696 D:\UT an3 sem2\SSC\AMD_processor\AMD_processor.xpr
# Log file: D:/UT an3 sem2/SSC/AMD_processor/vivado.log
# Journal file: D:/UT an3 sem2/SSC/AMD_processor\vivado.jou
#-----------------------------------------------------------
start_gui
open_project {D:/UT an3 sem2/SSC/AMD_processor/AMD_processor.xpr}
update_compile_order -fileset sources_1
reset_run synth_1
launch_runs impl_1 -jobs 2
wait_on_run impl_1
launch_runs impl_1 -to_step write_bitstream -jobs 2
wait_on_run impl_1
open_hw
connect_hw_server -url localhost:3121
current_hw_target [get_hw_targets */xilinx_tcf/Digilent/210183A75A09A]
set_property PARAM.FREQUENCY 15000000 [get_hw_targets */xilinx_tcf/Digilent/210183A75A09A]
open_hw_target
set_property PROGRAM.FILE {D:/UT an3 sem2/SSC/AMD_processor/AMD_processor.runs/impl_1/AMD.bit} [get_hw_devices xc7a35t_0]
current_hw_device [get_hw_devices xc7a35t_0]
refresh_hw_device -update_hw_probes false [lindex [get_hw_devices xc7a35t_0] 0]
set_property PROBES.FILE {} [get_hw_devices xc7a35t_0]
set_property FULL_PROBES.FILE {} [get_hw_devices xc7a35t_0]
set_property PROGRAM.FILE {D:/UT an3 sem2/SSC/AMD_processor/AMD_processor.runs/impl_1/AMD.bit} [get_hw_devices xc7a35t_0]
program_hw_devices [get_hw_devices xc7a35t_0]
refresh_hw_device [lindex [get_hw_devices xc7a35t_0] 0]
refresh_hw_device [lindex [get_hw_devices xc7a35t_0] 0]
close_hw
launch_simulation
launch_simulation
update_compile_order -fileset sources_1
export_ip_user_files -of_objects  [get_files {{D:/UT an3 sem2/SSC/AMD_processor/AMD_processor.srcs/sources_1/new/SSD.vhd}}] -no_script -reset -force -quiet
export_ip_user_files -of_objects  [get_files {{D:/UT an3 sem2/SSC/AMD_processor/AMD_processor.srcs/sources_1/new/MPG.vhd}}] -no_script -reset -force -quiet
remove_files  {{D:/UT an3 sem2/SSC/AMD_processor/AMD_processor.srcs/sources_1/new/SSD.vhd} {D:/UT an3 sem2/SSC/AMD_processor/AMD_processor.srcs/sources_1/new/MPG.vhd}}
file delete -force {D:/UT an3 sem2/SSC/AMD_processor/AMD_processor.srcs/sources_1/new/SSD.vhd} {D:/UT an3 sem2/SSC/AMD_processor/AMD_processor.srcs/sources_1/new/MPG.vhd}
launch_simulation
open_wave_config {D:/UT an3 sem2/SSC/AMD_processor/AMD_behav.wcfg}
source AMD.tcl
add_force {/AMD/clk} -radix hex {0 0ns} {1 5000ps} -repeat_every 10000ps
add_force {/AMD/btn} -radix hex {1 0ns}
close_sim
launch_simulation
open_wave_config {D:/UT an3 sem2/SSC/AMD_processor/AMD_behav.wcfg}
source AMD.tcl
add_force {/AMD/btn} -radix hex {1 0ns}
add_force {/AMD/A} -radix hex {2 0ns}
add_force {/AMD/B} -radix hex {3 0ns}
add_force {/AMD/D} -radix hex {0 0ns}
add_force {/AMD/clk} -radix hex {0 0ns} {1 5000ps} -repeat_every 10000ps
add_force {/AMD/CIn} -radix hex {0 0ns}
add_force {/AMD/RAM0} -radix hex {0 0ns}
add_force {/AMD/RAM3} -radix hex {0 0ns}
add_force {/AMD/Q3} -radix hex {0 0ns}
add_force {/AMD/Q0} -radix hex {0 0ns}
run 10 ns
add_force {/AMD/btn} -radix hex {1 0ns}
add_force {/AMD/B} -radix hex {6 0ns}
run 10 ns
run 10 ns
add_force {/AMD/btn} -radix hex {1 0ns}
add_force {/AMD/B} -radix hex {6 0ns}
run 10 ns
add_force {/AMD/btn[0]} -radix hex {1 0ns}
run 10 ns
current_wave_config {AMD_behav.wcfg}
add_wave {{/AMD/cnt}} 
run 10 ns
add_force {/AMD/btn} -radix hex {1 0ns}
add_force {/AMD/B} -radix hex {6 0ns}
add_force {/AMD/B} -radix hex {3 0ns}
run 10 ns
close_sim
launch_simulation
open_wave_config {D:/UT an3 sem2/SSC/AMD_processor/AMD_behav.wcfg}
source AMD.tcl
add_force {/AMD/clk} -radix hex {0 0ns} {1 5000ps} -repeat_every 10000ps
add_force {/AMD/btn} -radix hex {1 0ns}
add_force {/AMD/A} -radix hex {2 0ns}
add_force {/AMD/B} -radix hex {3 0ns}
add_force {/AMD/D} -radix hex {0 0ns}
add_force {/AMD/CIn} -radix hex {0 0ns}
add_force {/AMD/RAM0} -radix hex {0 0ns}
add_force {/AMD/RAM3} -radix hex {0 0ns}
add_force {/AMD/Q0} -radix hex {0 0ns}
add_force {/AMD/Q3} -radix hex {0 0ns}
run 10 ns
run 10 ns
restart
add_force {/AMD/clk} -radix hex {0 0ns} {1 5000ps} -repeat_every 10000ps
add_force {/AMD/btn} -radix hex {0 0ns}
add_force {/AMD/A} -radix hex {2 0ns}
add_force {/AMD/B} -radix hex {3 0ns}
add_force {/AMD/B} -radix hex {0 0ns}
add_force {/AMD/CIn} -radix hex {0 0ns}
add_force {/AMD/RAM0} -radix hex {0 0ns}
add_force {/AMD/RAM3} -radix hex {0 0ns}
add_force {/AMD/Q0} -radix hex {0 0ns}
add_force {/AMD/Q3} -radix hex {0 0ns}
run 10 ns
add_force {/AMD/B} -radix hex {3 0ns}
run 10 ns
add_force {/AMD/D} -radix hex {0 0ns}
run 10 ns
add_force {/AMD/btn} -radix hex {1 0ns}
add_force {/AMD/B} -radix hex {6 0ns}
run 10 ns
add_force {/AMD/btn} -radix hex {1 0ns}
add_force {/AMD/A} -radix hex {4 0ns}
add_force {/AMD/B} -radix hex {3 0ns}
run 10 ns
add_force {/AMD/A} -radix hex {3 0ns}
add_force {/AMD/btn} -radix hex {1 0ns}
add_force {/AMD/B} -radix unsigned {10 0ns}
run 10 ns
restart
add_force {/AMD/clk} -radix hex {0 0ns} {1 5000ps} -repeat_every 10000ps
add_force {/AMD/btn} -radix hex {1 0ns}
add_force {/AMD/A} -radix hex {2 0ns}
add_force {/AMD/B} -radix hex {3 0ns}
add_force {/AMD/D} -radix hex {0 0ns}
add_force {/AMD/btn} -radix hex {0 0ns}
run 10 ns
add_force {/AMD/btn} -radix hex {1 0ns}
add_force {/AMD/B} -radix hex {6 0ns}
run 10 ns
add_force {/AMD/A} -radix hex {4 0ns}
add_force {/AMD/B} -radix hex {3 0ns}
add_force {/AMD/btn} -radix hex {1 0ns}
run 10 ns
add_force {/AMD/A} -radix hex {3 0ns}
add_force {/AMD/B} -radix hex {a 0ns}
add_force {/AMD/btn} -radix hex {1 0ns}
run 10 ns
add_force {/AMD/RAM_component/A} -radix hex {2 0ns}
add_force {/AMD/RAM_component/B} -radix hex {3 0ns}
add_force {/AMD/btn} -radix hex {2 0ns}
run 10 ns
run 10 ns
add_force {/AMD/btn} -radix hex {1 0ns}
add_force {/AMD/B} -radix hex {6 0ns}
run 10 ns
add_force {/AMD/A} -radix hex {4 0ns}
add_force {/AMD/B} -radix hex {3 0ns}
add_force {/AMD/btn} -radix hex {1 0ns}
run 10 ns
restart
add_force {/AMD/clk} -radix hex {0 0ns} {1 50000ps} -repeat_every 100000ps
add_force {/AMD/btn} -radix hex {1 0ns}
add_force {/AMD/A} -radix hex {2 0ns}
add_force {/AMD/B} -radix hex {3 0ns}
add_force {/AMD/D} -radix hex {0 0ns}
add_force {/AMD/CIn} -radix hex {0 0ns}
add_force {/AMD/RAM0} -radix hex {0 0ns}
add_force {/AMD/RAM3} -radix hex {0 0ns}
add_force {/AMD/Q0} -radix hex {0 0ns}
add_force {/AMD/Q3} -radix hex {0 0ns}
run 10 ns
add_force {/AMD/btn} -radix hex {2 0ns}
run 10 ns
add_force {/AMD/btn} -radix hex {1 0ns}
add_force {/AMD/A} -radix hex {2 0ns}
add_force {/AMD/B} -radix hex {3 0ns}
run 10 ns
add_force {/AMD/btn} -radix hex {2 0ns}
add_force {/AMD/A} -radix hex {2 0ns}
add_force {/AMD/B} -radix hex {3 0ns}
run 10 ns
add_force {/AMD/btn} -radix hex {0 0ns}
run 10 ns
add_force {/AMD/btn} -radix hex {1 0ns}
add_force {/AMD/B} -radix hex {6 0ns}
run 10 ns
current_wave_config {AMD_behav.wcfg}
add_wave {{/AMD/cnt}} 
run 10 ns
add_force {/AMD/btn} -radix hex {2 0ns}
add_force {/AMD/A} -radix hex {2 0ns}
add_force {/AMD/B} -radix hex {3 0ns}
run 10 ns
add_force {/AMD/btn} -radix hex {0 0ns}
run 10 ns
add_force {/AMD/btn} -radix hex {2 0ns}
run 10 ns
add_force {/AMD/btn} -radix hex {0 0ns}
run 10 ns
add_force {/AMD/B} -radix hex {6 0ns}
add_force {/AMD/btn} -radix hex {1 0ns}
run 10 ns
add_force {/AMD/A} -radix hex {3 0ns}
add_force {/AMD/A} -radix hex {4 0ns}
add_force {/AMD/B} -radix hex {3 0ns}
run 10 ns
add_force {/AMD/btn} -radix hex {1 0ns}
run 10 ns
close_sim
launch_simulation
open_wave_config {D:/UT an3 sem2/SSC/AMD_processor/AMD_behav.wcfg}
source AMD.tcl
add_force {/AMD/clk} -radix hex {0 0ns} {1 50000ps} -repeat_every 100000ps
add_force {/AMD/btn} -radix hex {0 0ns}
add_force {/AMD/A} -radix hex {2 0ns}
add_force {/AMD/B} -radix hex {3 0ns}
add_force {/AMD/D} -radix hex {0 0ns}
add_force {/AMD/CIn} -radix hex {0 0ns}
add_force {/AMD/RAM0} -radix hex {0 0ns}
add_force {/AMD/RAM3} -radix hex {0 0ns}
add_force {/AMD/Q0} -radix hex {0 0ns}
add_force {/AMD/Q3} -radix hex {0 0ns}
run 10 ns
run 10 ns
restart
add_force {/AMD/clk} -radix hex {0 0ns} {1 5000ps} -repeat_every 10000ps
add_force {/AMD/btn} -radix hex {0 0ns}
add_force {/AMD/A} -radix hex {2 0ns}
add_force {/AMD/B} -radix hex {3 0ns}
add_force {/AMD/D} -radix hex {0 0ns}
add_force {/AMD/CIn} -radix hex {0 0ns}
add_force {/AMD/RAM0} -radix hex {0 0ns}
add_force {/AMD/RAM3} -radix hex {0 0ns}
add_force {/AMD/Q0} -radix hex {0 0ns}
add_force {/AMD/Q3} -radix hex {0 0ns}
run 10 ns
add_force {/AMD/B} -radix hex {6 0ns}
add_force {/AMD/btn} -radix hex {1 0ns}
run 10 ns
add_force {/AMD/B} -radix hex {3 0ns}
add_force {/AMD/A} -radix hex {4 0ns}
add_force {/AMD/btn} -radix hex {1 0ns}
run 10 ns
close_sim
launch_simulation
open_wave_config {D:/UT an3 sem2/SSC/AMD_processor/AMD_behav.wcfg}
source AMD.tcl
add_force {/AMD/clk} -radix hex {0 0ns} {1 5000ps} -repeat_every 10000ps
add_force {/AMD/btn} -radix hex {2 0ns}
add_force {/AMD/btn} -radix hex {0 0ns}
add_force {/AMD/btn} -radix hex {1 0ns}
add_force {/AMD/A} -radix hex {2 0ns}
add_force {/AMD/B} -radix hex {3 0ns}
add_force {/AMD/D} -radix hex {0 0ns}
add_force {/AMD/CIn} -radix hex {0 0ns}
add_force {/AMD/RAM0} -radix hex {0 0ns}
add_force {/AMD/RAM3} -radix hex {0 0ns}
add_force {/AMD/Q0} -radix hex {0 0ns}
add_force {/AMD/Q3} -radix hex {0 0ns}
run 10 ns
add_force {/AMD/btn} -radix hex {2 0ns}
run 10 ns
add_force {/AMD/btn} -radix hex {0 0ns}
run 10 ns
add_force {/AMD/B} -radix hex {6 0ns}
add_force {/AMD/btn} -radix hex {1 0ns}
run all
restart
add_force {/AMD/clk} -radix hex {0 0ns} {1 5000ps} -repeat_every 10000ps
add_force {/AMD/btn} -radix hex {0 0ns}
add_force {/AMD/A} -radix hex {2 0ns}
add_force {/AMD/B} -radix hex {3 0ns}
add_force {/AMD/D} -radix hex {0 0ns}
add_force {/AMD/CIn} -radix hex {0 0ns}
add_force {/AMD/RAM0} -radix hex {0 0ns}
add_force {/AMD/RAM3} -radix hex {0 0ns}
add_force {/AMD/Q0} -radix hex {0 0ns}
add_force {/AMD/Q3} -radix hex {0 0ns}
run 10 ns
add_force {/AMD/btn} -radix hex {1 0ns}
add_force {/AMD/B} -radix hex {6 0ns}
run 10 ns
add_force {/AMD/btn} -radix hex {1 0ns}
add_force {/AMD/A} -radix hex {4 0ns}
add_force {/AMD/B} -radix hex {3 0ns}
run 10 ns
add_force {/AMD/A} -radix hex {3 0ns}
add_force {/AMD/B} -radix hex {a 0ns}
add_force {/AMD/btn} -radix hex {1 0ns}
run 10 ns
close_sim
launch_simulation
open_wave_config {D:/UT an3 sem2/SSC/AMD_processor/AMD_behav.wcfg}
source AMD.tcl
add_force {/AMD/clk} -radix hex {0 0ns} {1 5000ps} -repeat_every 10000ps
add_force {/AMD/btn} -radix hex {0 0ns}
add_force {/AMD/A} -radix hex {2 0ns}
add_force {/AMD/B} -radix hex {3 0ns}
add_force {/AMD/D} -radix hex {0 0ns}
add_force {/AMD/CIn} -radix hex {0 0ns}
add_force {/AMD/RAM0} -radix hex {0 0ns}
add_force {/AMD/RAM3} -radix hex {0 0ns}
add_force {/AMD/Q0} -radix hex {0 0ns}
add_force {/AMD/Q3} -radix hex {0 0ns}
run 10 ns
add_force {/AMD/B} -radix hex {6 0ns}
add_force {/AMD/btn} -radix hex {1 0ns}
run 10 ns
add_force {/AMD/A} -radix hex {4 0ns}
add_force {/AMD/B} -radix hex {3 0ns}
add_force {/AMD/btn} -radix hex {1 0ns}
run 10 ns
add_force {/AMD/A} -radix hex {3 0ns}
add_force {/AMD/B} -radix hex {a 0ns}
add_force {/AMD/btn} -radix hex {1 0ns}
run 10 ns
add_force {/AMD/btn} -radix hex {1 0ns}
add_force {/AMD/D} -radix hex {9 0ns}
add_force {/AMD/A} -radix hex {5 0ns}
add_force {/AMD/B} -radix unsigned {13 0ns}
run 10 ns
add_force {/AMD/btn} -radix hex {1 0ns}
add_force {/AMD/D} -radix hex {8 0ns}
add_force {/AMD/B} -radix hex {0 0ns}
run 10 ns
add_force {/AMD/btn} -radix hex {1 0ns}
add_force {/AMD/B} -radix hex {9 0ns}
add_force {/AMD/D} -radix hex {9 0ns}
run 10 ns
add_force {/AMD/btn} -radix hex {1 0ns}
add_force {/AMD/A} -radix hex {6 0ns}
add_force {/AMD/B} -radix unsigned {14 0ns}
run 10 ns
add_force {/AMD/D} -radix hex {10 0ns}
add_force {/AMD/D} -radix hex {a 0ns}
add_force {/AMD/CIn} -radix hex {1 0ns}
add_force {/AMD/btn} -radix hex {1 0ns}
run 10 ns
add_force {/AMD/btn} -radix hex {1 0ns}
add_force {/AMD/A} -radix hex {f 0ns}
add_force {/AMD/B} -radix hex {0 0ns}
add_force {/AMD/CIn} -radix hex {0 0ns}
run 10 ns
add_force {/AMD/btn} -radix hex {1 0ns}
add_force {/AMD/A} -radix hex {8 0ns}
add_force {/AMD/B} -radix unsigned {13 0ns}
add_force {/AMD/D} -radix hex {4 0ns}
add_force {/AMD/btn} -radix hex {1 0ns}
add_force {/AMD/CIn} -radix hex {1 0ns}
run 10 ns
close_sim
launch_simulation
open_wave_config {D:/UT an3 sem2/SSC/AMD_processor/AMD_behav.wcfg}
source AMD.tcl
add_force {/AMD/clk} -radix hex {0 0ns} {1 5000ps} -repeat_every 10000ps
add_force {/AMD/btn} -radix hex {0 0ns}
add_force {/AMD/A} -radix hex {2 0ns}
add_force {/AMD/B} -radix hex {3 0ns}
add_force {/AMD/D} -radix hex {0 0ns}
add_force {/AMD/CIn} -radix hex {0 0ns}
add_force {/AMD/RAM0} -radix hex {0 0ns}
add_force {/AMD/RAM3} -radix hex {0 0ns}
add_force {/AMD/Q0} -radix hex {0 0ns}
add_force {/AMD/Q3} -radix hex {0 0ns}
run 10 ns
add_force {/AMD/B} -radix hex {6 0ns}
add_force {/AMD/btn} -radix hex {1 0ns}
run 10 ns
add_force {/AMD/btn} -radix hex {1 0ns}
add_force {/AMD/A} -radix hex {4 0ns}
add_force {/AMD/B} -radix hex {3 0ns}
run 10 ns
add_force {/AMD/btn} -radix hex {1 0ns}
add_force {/AMD/A} -radix hex {3 0ns}
add_force {/AMD/B} -radix hex {a 0ns}
run 10 ns
add_force {/AMD/btn} -radix hex {1 0ns}
add_force {/AMD/D} -radix hex {9 0ns}
add_force {/AMD/A} -radix hex {5 0ns}
add_force {/AMD/B} -radix hex {d 0ns}
run 10 ns
add_force {/AMD/D} -radix hex {8 0ns}
add_force {/AMD/btn} -radix hex {1 0ns}
add_force {/AMD/B} -radix hex {0 0ns}
run 10 ns
add_force {/AMD/btn} -radix hex {1 0ns}
add_force {/AMD/D} -radix hex {9 0ns}
add_force {/AMD/B} -radix hex {9 0ns}
run 10 ns
add_force {/AMD/btn} -radix hex {1 0ns}
add_force {/AMD/A} -radix hex {6 0ns}
add_force {/AMD/B} -radix hex {e 0ns}
add_force {/AMD/btn} -radix hex {1 0ns}
run 10 ns
add_force {/AMD/D} -radix hex {a 0ns}
add_force {/AMD/btn} -radix hex {1 0ns}
add_force {/AMD/CIn} -radix hex {1 0ns}
run 10 ns
add_force {/AMD/CIn} -radix hex {0 0ns}
add_force {/AMD/btn} -radix hex {1 0ns}
add_force {/AMD/A} -radix hex {f 0ns}
add_force {/AMD/B} -radix hex {0 0ns}
run 10 ns
add_force {/AMD/btn} -radix hex {1 0ns}
add_force {/AMD/D} -radix hex {8 0ns}
add_force {/AMD/A} -radix hex {4 0ns}
add_force {/AMD/CIn} -radix hex {1 0ns}
add_force {/AMD/RAM3} -radix hex {1 0ns}
add_force {/AMD/Q3} -radix hex {1 0ns}
add_force {/AMD/btn} -radix hex {1 0ns}
run 10 ns
add_force {/AMD/btn} -radix hex {1 0ns}
add_force {/AMD/A} -radix hex {e 0ns}
add_force {/AMD/B} -radix hex {9 0ns}
add_force {/AMD/D} -radix hex {1 0ns}
add_force {/AMD/CIn} -radix hex {1 0ns}
add_force {/AMD/RAM0} -radix hex {1 0ns}
add_force {/AMD/RAM3} -radix hex {0 0ns}
add_force {/AMD/Q0} -radix hex {1 0ns}
add_force {/AMD/Q3} -radix hex {0 0ns}
run 10 ns
add_force {/AMD/B} -radix hex {b 0ns}
add_force {/AMD/A} -radix hex {9 0ns}
add_force {/AMD/btn} -radix hex {1 0ns}
add_force {/AMD/RAM0} -radix hex {0 0ns}
add_force {/AMD/RAM3} -radix hex {1 0ns}
add_force {/AMD/Q0} -radix hex {0 0ns}
add_force {/AMD/A} -radix hex {0 0ns}
add_force {/AMD/btn} -radix hex {1 0ns}
run 10 ns
add_force {/AMD/B} -radix hex {e 0ns}
add_force {/AMD/RAM0} -radix hex {1 0ns}
add_force {/AMD/RAM3} -radix hex {0 0ns}
add_force {/AMD/btn} -radix hex {1 0ns}
run 10 ns
close_sim
close [ open {D:/UT an3 sem2/SSC/AMD_processor/AMD_processor.srcs/sources_1/new/MPG.vhd} w ]
add_files {{D:/UT an3 sem2/SSC/AMD_processor/AMD_processor.srcs/sources_1/new/MPG.vhd}}
update_compile_order -fileset sources_1
close [ open {D:/UT an3 sem2/SSC/AMD_processor/AMD_processor.srcs/sources_1/new/SSD.vhd} w ]
add_files {{D:/UT an3 sem2/SSC/AMD_processor/AMD_processor.srcs/sources_1/new/SSD.vhd}}
update_compile_order -fileset sources_1
update_compile_order -fileset sources_1
reset_run synth_1
launch_runs impl_1 -jobs 2
wait_on_run impl_1
launch_runs impl_1 -to_step write_bitstream -jobs 2
wait_on_run impl_1
open_hw
connect_hw_server -url localhost:3121
current_hw_target [get_hw_targets */xilinx_tcf/Digilent/210183A75A09A]
set_property PARAM.FREQUENCY 15000000 [get_hw_targets */xilinx_tcf/Digilent/210183A75A09A]
open_hw_target
set_property PROGRAM.FILE {D:/UT an3 sem2/SSC/AMD_processor/AMD_processor.runs/impl_1/AMD.bit} [get_hw_devices xc7a35t_0]
current_hw_device [get_hw_devices xc7a35t_0]
refresh_hw_device -update_hw_probes false [lindex [get_hw_devices xc7a35t_0] 0]
set_property PROBES.FILE {} [get_hw_devices xc7a35t_0]
set_property FULL_PROBES.FILE {} [get_hw_devices xc7a35t_0]
set_property PROGRAM.FILE {D:/UT an3 sem2/SSC/AMD_processor/AMD_processor.runs/impl_1/AMD.bit} [get_hw_devices xc7a35t_0]
program_hw_devices [get_hw_devices xc7a35t_0]
refresh_hw_device [lindex [get_hw_devices xc7a35t_0] 0]
